2026-02-18T12:51:33.168Z [console][error] Failed to fetch RSC payload for https://3000-7b0750f7-7915-4a31-aa9a-df4a02dcca44.orchids.cloud/mon-qr. Falling back to browser navigation. {}
2026-02-18T12:51:33.168Z [console][error] Failed to fetch RSC payload for https://3000-7b0750f7-7915-4a31-aa9a-df4a02dcca44.orchids.cloud/mon-qr. Falling back to browser navigation. {}
2026-02-18T12:52:25.218Z [console][error] Failed to fetch RSC payload for https://3000-7b0750f7-7915-4a31-aa9a-df4a02dcca44.orchids.cloud/alertes. Falling back to browser navigation. {}
2026-02-18T12:52:53.969Z [console][error] Failed to fetch RSC payload for https://3000-7b0750f7-7915-4a31-aa9a-df4a02dcca44.orchids.cloud/login. Falling back to browser navigation. {}
2026-02-18T12:53:19.955Z [console][error] A tree hydrated but some attributes of the server rendered HTML didn't match the client properties. This won't be patched up. This can happen if a SSR-ed Client Component used:

- A server/client branch `if (typeof window !== 'undefined')`.
- Variable input such as `Date.now()` or `Math.random()` which changes each time it's called.
- Date formatting in a user's locale which doesn't match the server.
- External changing data without sending a snapshot of it along with the HTML.
- Invalid HTML tag nesting.

It can also happen if the client has a browser extension installed which messes with the HTML before React loaded.

%s%s https://react.dev/link/hydration-mismatch 

  ...
    <HotReload assetPrefix="" globalError={[...]}>
      <AppDevOverlayErrorBoundary globalError={[...]}>
        <ReplaySsrOnlyErrors>
        <DevRootHTTPAccessFallbackBoundary>
          <HTTPAccessFallbackBoundary notFound={<NotAllowedRootHTTPFallbackError>}>
            <HTTPAccessFallbackErrorBoundary pathname="/login" notFound={<NotAllowedRootHTTPFallbackError>} ...>
              <RedirectBoundary>
                <RedirectErrorBoundary router={{...}}>
                  <Head>
                  <__next_root_layout_boundary__>
                    <SegmentViewNode type="layout" pagePath="/user/app/...">
                      <SegmentTrieNode>
                      <link>
                      <script>
                      <script>
                      <script>
                      <RootLayout>
                        <html data-orchids-id="src/app/la..." data-orchids-name="html" lang="fr" ...>
                          <body
                            data-orchids-id="src/app/layout.tsx:26:6"
                            data-orchids-name="body"
                            className="inter_b785138-module__Hrlnpq__variable antialiased"
-                           __processed_05ecc452-e788-44fe-a143-d202313c2902__="true"
                          >
                  ...

2026-02-18T12:56:08.301Z [console][error] Failed to fetch RSC payload for https://3000-7b0750f7-7915-4a31-aa9a-df4a02dcca44.orchids.cloud/validation. Falling back to browser navigation. {}
2026-02-18T12:56:15.662Z [console][error] Failed to fetch RSC payload for https://3000-7b0750f7-7915-4a31-aa9a-df4a02dcca44.orchids.cloud/utilisateurs. Falling back to browser navigation. {}
2026-02-18T13:31:58.044Z [console][error] ./https-tracking-frontend/src/app/layout.tsx
Error evaluating Node.js code
SyntaxError: Expected corresponding JSX closing tag for <I18nProvider>. (52:6)
    [at toParseError (D:\https-tracking-frontend\node_modules\@babel\parser\src\parse-error.ts:95:45)]
    [at TypeScriptParserMixin.raise (D:\https-tracking-frontend\node_modules\@babel\parser\src\tokenizer\index.ts:1507:19)]
    [at TypeScriptParserMixin.jsxParseElementAt (D:\https-tracking-frontend\node_modules\@babel\parser\src\plugins\jsx\index.ts:527:18)]
    [at TypeScriptParserMixin.jsxParseElementAt (D:\https-tracking-frontend\node_modules\@babel\parser\src\plugins\jsx\index.ts:483:34)]
    [at TypeScriptParserMixin.jsxParseElementAt (D:\https-tracking-frontend\node_modules\@babel\parser\src\plugins\jsx\index.ts:483:34)]
    [at TypeScriptParserMixin.jsxParseElement (D:\https-tracking-frontend\node_modules\@babel\parser\src\plugins\jsx\index.ts:559:19)]
    [at TypeScriptParserMixin.parseExprAtom (D:\https-tracking-frontend\node_modules\@babel\parser\src\plugins\jsx\index.ts:573:21)]
    [at TypeScriptParserMixin.parseExprSubscripts (D:\https-tracking-frontend\node_modules\@babel\parser\src\parser\expression.ts:742:23)]
    [at TypeScriptParserMixin.parseUpdate (D:\https-tracking-frontend\node_modules\@babel\parser\src\parser\expression.ts:721:21)]
    [at TypeScriptParserMixin.parseMaybeUnary (D:\https-tracking-frontend\node_modules\@babel\parser\src\parser\expression.ts:683:23)]
2026-02-18T13:31:58.044Z [console][error] ./https-tracking-frontend/src/app/layout.tsx:52:14
Parsing ecmascript source code failed
  50 |           <VisualEditsMessenger />
  51 |         </AuthProvider>
> 52 |       </body>
     |              ^
> 53 |     </html>
     | ^^^^^
  54 |   );
  55 | }
  56 |

Expected '</', got 'jsx text (
    )'
2026-02-18T13:31:58.045Z [console][error] ./https-tracking-frontend/src/app/layout.tsx:52:14
Parsing ecmascript source code failed
  50 |           <VisualEditsMessenger />
  51 |         </AuthProvider>
> 52 |       </body>
     |              ^
> 53 |     </html>
     | ^^^^^
  54 |   );
  55 | }
  56 |

Expected '</', got 'jsx text (
    )'
2026-02-18T13:31:58.584Z [console][error] ./https-tracking-frontend/src/app/layout.tsx
Error evaluating Node.js code
SyntaxError: Expected corresponding JSX closing tag for <I18nProvider>. (52:6)
    [at toParseError (D:\https-tracking-frontend\node_modules\@babel\parser\src\parse-error.ts:95:45)]
    [at TypeScriptParserMixin.raise (D:\https-tracking-frontend\node_modules\@babel\parser\src\tokenizer\index.ts:1507:19)]
    [at TypeScriptParserMixin.jsxParseElementAt (D:\https-tracking-frontend\node_modules\@babel\parser\src\plugins\jsx\index.ts:527:18)]
    [at TypeScriptParserMixin.jsxParseElementAt (D:\https-tracking-frontend\node_modules\@babel\parser\src\plugins\jsx\index.ts:483:34)]
    [at TypeScriptParserMixin.jsxParseElementAt (D:\https-tracking-frontend\node_modules\@babel\parser\src\plugins\jsx\index.ts:483:34)]
    [at TypeScriptParserMixin.jsxParseElement (D:\https-tracking-frontend\node_modules\@babel\parser\src\plugins\jsx\index.ts:559:19)]
    [at TypeScriptParserMixin.parseExprAtom (D:\https-tracking-frontend\node_modules\@babel\parser\src\plugins\jsx\index.ts:573:21)]
    [at TypeScriptParserMixin.parseExprSubscripts (D:\https-tracking-frontend\node_modules\@babel\parser\src\parser\expression.ts:742:23)]
    [at TypeScriptParserMixin.parseUpdate (D:\https-tracking-frontend\node_modules\@babel\parser\src\parser\expression.ts:721:21)]
    [at TypeScriptParserMixin.parseMaybeUnary (D:\https-tracking-frontend\node_modules\@babel\parser\src\parser\expression.ts:683:23)]
2026-02-18T13:31:58.584Z [console][error] ./https-tracking-frontend/src/app/layout.tsx:52:14
Parsing ecmascript source code failed
  50 |           <VisualEditsMessenger />
  51 |         </AuthProvider>
> 52 |       </body>
     |              ^
> 53 |     </html>
     | ^^^^^
  54 |   );
  55 | }
  56 |

Expected '</', got 'jsx text (
    )'
2026-02-18T13:31:58.040Z [console][error] ./https-tracking-frontend/src/app/layout.tsx:52:14
Parsing ecmascript source code failed
  50 |           <VisualEditsMessenger />
  51 |         </AuthProvider>
> 52 |       </body>
     |              ^
> 53 |     </html>
     | ^^^^^
  54 |   );
  55 | }
  56 |

Expected '</', got 'jsx text (
    )'
2026-02-18T13:31:58.042Z [console][error] ./https-tracking-frontend/src/app/layout.tsx:52:14
Parsing ecmascript source code failed
  50 |           <VisualEditsMessenger />
  51 |         </AuthProvider>
> 52 |       </body>
     |              ^
> 53 |     </html>
     | ^^^^^
  54 |   );
  55 | }
  56 |

Expected '</', got 'jsx text (
    )'
2026-02-18T13:31:58.042Z [console][error] ./https-tracking-frontend/src/app/layout.tsx
Error evaluating Node.js code
SyntaxError: Expected corresponding JSX closing tag for <I18nProvider>. (52:6)
    [at toParseError (D:\https-tracking-frontend\node_modules\@babel\parser\src\parse-error.ts:95:45)]
    [at TypeScriptParserMixin.raise (D:\https-tracking-frontend\node_modules\@babel\parser\src\tokenizer\index.ts:1507:19)]
    [at TypeScriptParserMixin.jsxParseElementAt (D:\https-tracking-frontend\node_modules\@babel\parser\src\plugins\jsx\index.ts:527:18)]
    [at TypeScriptParserMixin.jsxParseElementAt (D:\https-tracking-frontend\node_modules\@babel\parser\src\plugins\jsx\index.ts:483:34)]
    [at TypeScriptParserMixin.jsxParseElementAt (D:\https-tracking-frontend\node_modules\@babel\parser\src\plugins\jsx\index.ts:483:34)]
    [at TypeScriptParserMixin.jsxParseElement (D:\https-tracking-frontend\node_modules\@babel\parser\src\plugins\jsx\index.ts:559:19)]
    [at TypeScriptParserMixin.parseExprAtom (D:\https-tracking-frontend\node_modules\@babel\parser\src\plugins\jsx\index.ts:573:21)]
    [at TypeScriptParserMixin.parseExprSubscripts (D:\https-tracking-frontend\node_modules\@babel\parser\src\parser\expression.ts:742:23)]
    [at TypeScriptParserMixin.parseUpdate (D:\https-tracking-frontend\node_modules\@babel\parser\src\parser\expression.ts:721:21)]
    [at TypeScriptParserMixin.parseMaybeUnary (D:\https-tracking-frontend\node_modules\@babel\parser\src\parser\expression.ts:683:23)]
2026-02-18T13:31:58.583Z [console][error] ./https-tracking-frontend/src/app/layout.tsx
Error evaluating Node.js code
SyntaxError: Expected corresponding JSX closing tag for <I18nProvider>. (52:6)
    [at toParseError (D:\https-tracking-frontend\node_modules\@babel\parser\src\parse-error.ts:95:45)]
    [at TypeScriptParserMixin.raise (D:\https-tracking-frontend\node_modules\@babel\parser\src\tokenizer\index.ts:1507:19)]
    [at TypeScriptParserMixin.jsxParseElementAt (D:\https-tracking-frontend\node_modules\@babel\parser\src\plugins\jsx\index.ts:527:18)]
    [at TypeScriptParserMixin.jsxParseElementAt (D:\https-tracking-frontend\node_modules\@babel\parser\src\plugins\jsx\index.ts:483:34)]
    [at TypeScriptParserMixin.jsxParseElementAt (D:\https-tracking-frontend\node_modules\@babel\parser\src\plugins\jsx\index.ts:483:34)]
    [at TypeScriptParserMixin.jsxParseElement (D:\https-tracking-frontend\node_modules\@babel\parser\src\plugins\jsx\index.ts:559:19)]
    [at TypeScriptParserMixin.parseExprAtom (D:\https-tracking-frontend\node_modules\@babel\parser\src\plugins\jsx\index.ts:573:21)]
    [at TypeScriptParserMixin.parseExprSubscripts (D:\https-tracking-frontend\node_modules\@babel\parser\src\parser\expression.ts:742:23)]
    [at TypeScriptParserMixin.parseUpdate (D:\https-tracking-frontend\node_modules\@babel\parser\src\parser\expression.ts:721:21)]
    [at TypeScriptParserMixin.parseMaybeUnary (D:\https-tracking-frontend\node_modules\@babel\parser\src\parser\expression.ts:683:23)]
2026-02-18T13:31:58.583Z [console][error] ./https-tracking-frontend/src/app/layout.tsx:52:14
Parsing ecmascript source code failed
  50 |           <VisualEditsMessenger />
  51 |         </AuthProvider>
> 52 |       </body>
     |              ^
> 53 |     </html>
     | ^^^^^
  54 |   );
  55 | }
  56 |

Expected '</', got 'jsx text (
    )'
2026-02-18T13:34:00.772Z [console][debug] __ORCHIDS_NAVIGATE__ http://localhost:3001/alertes
2026-02-18T14:03:55.993Z [console][error] Image with src "https://upload.wikimedia.org/wikipedia/commons/thumb/0/02/Lear_Corporation_logo.svg/960px-Lear_Corporation_logo.svg.png" has either width or height modified, but not the other. If you use CSS to change the size of your image, also include the styles 'width: "auto"' or 'height: "auto"' to maintain the aspect ratio.
2026-02-18T14:32:36.601Z [console][error] Uncaught ReferenceError: CountUp is not defined
2026-02-18T14:32:47.621Z [console][error] [Fast Refresh] performing full reload because your application had an unrecoverable error
2026-02-18T14:54:13.175Z [console][error] Image with src "https://upload.wikimedia.org/wikipedia/commons/thumb/0/02/Lear_Corporation_logo.svg/960px-Lear_Corporation_logo.svg.png" has either width or height modified, but not the other. If you use CSS to change the size of your image, also include the styles 'width: "auto"' or 'height: "auto"' to maintain the aspect ratio.
2026-02-18T14:54:20.641Z [console][error] You are trying to animate color from "#2563EB" to "inherit". "inherit" is not an animatable value.. For more information and steps for solving, visit https://motion.dev/troubleshooting/value-not-animatable
2026-02-18T14:54:20.969Z [console][error] You are trying to animate color from "#2563EB" to "inherit". "inherit" is not an animatable value.. For more information and steps for solving, visit https://motion.dev/troubleshooting/value-not-animatable
2026-02-18T14:54:24.498Z [console][error] You are trying to animate color from "#2563EB" to "inherit". "inherit" is not an animatable value.. For more information and steps for solving, visit https://motion.dev/troubleshooting/value-not-animatable
2026-02-18T14:54:24.499Z [console][error] You are trying to animate color from "#2563EB" to "inherit". "inherit" is not an animatable value.. For more information and steps for solving, visit https://motion.dev/troubleshooting/value-not-animatable
